// Jest Snapshot v1, https://goo.gl/fbAQLP

exports[`index export modules 1`] = `
Object {
  "BitmapText": "BitmapText",
  "Container": "Container",
  "Graphics": "Graphics",
  "Mesh": "Mesh",
  "NineSlicePlane": "NineSlicePlane",
  "ParticleContainer": "ParticleContainer",
  "PixiComponent": [Function],
  "PixiFiber": Object {
    "batchedUpdates": [Function],
    "computeUniqueAsyncExpiration": [Function],
    "createContainer": [Function],
    "deferredUpdates": [Function],
    "findHostInstance": [Function],
    "findHostInstanceWithNoPortals": [Function],
    "flushControlled": [Function],
    "flushInteractiveUpdates": [Function],
    "flushRoot": [Function],
    "flushSync": [Function],
    "getPublicRootInstance": [Function],
    "injectIntoDevTools": [Function],
    "interactiveUpdates": [Function],
    "requestWork": [Function],
    "syncUpdates": [Function],
    "unbatchedUpdates": [Function],
    "updateContainer": [Function],
    "updateContainerAtExpirationTime": [Function],
  },
  "Provider": [Function],
  "Rope": "Rope",
  "Sprite": "Sprite",
  "Stage": [Function],
  "Text": "Text",
  "TilingSprite": "TilingSprite",
  "render": [Function],
  "withPixiApp": [Function],
}
`;
