// Jest Snapshot v1, https://goo.gl/fbAQLP

exports[`index export modules 1`] = `
Object {
  "BitmapText": "BitmapText",
  "Container": "Container",
  "Graphics": "Graphics",
  "Mesh": "Mesh",
  "NineSlicePlane": "NineSlicePlane",
  "ParticleContainer": "ParticleContainer",
  "Provider": [Function],
  "Rope": "Rope",
  "Shape": "Shape",
  "Sprite": "Sprite",
  "Stage": [Function],
  "Text": "Text",
  "TilingSprite": "TilingSprite",
  "render": [Function],
}
`;
