// Jest Snapshot v1, https://goo.gl/fbAQLP

exports[`props display object props 1`] = `
{
  "alpha": 1,
  "buttonMode": false,
  "cacheAsBitmap": false,
  "cursor": null,
  "filterArea": null,
  "filters": null,
  "hitArea": null,
  "interactive": false,
  "mask": null,
  "pivot": 0,
  "position": 0,
  "renderable": true,
  "rotation": 0,
  "scale": 1,
  "skew": 0,
  "transform": null,
  "visible": true,
  "x": 0,
  "y": 0,
}
`;

exports[`props reserved props 1`] = `
{
  "children": true,
  "parent": true,
  "worldAlpha": true,
  "worldTransform": true,
  "worldVisible": true,
}
`;
