// Jest Snapshot v1, https://goo.gl/fbAQLP

exports[`createElement types 1`] = `
Object {
  "BitmapText": "BitmapText",
  "Container": "Container",
  "Graphics": "Graphics",
  "Mesh": "Mesh",
  "NineSlicePlane": "NineSlicePlane",
  "ParticleContainer": "ParticleContainer",
  "Rope": "Rope",
  "Shape": "Shape",
  "Sprite": "Sprite",
  "Stage": "Stage",
  "Text": "Text",
  "TilingSprite": "TilingSprite",
}
`;

exports[`defaults display object props 1`] = `
Object {
  "alpha": 1,
  "buttonMode": false,
  "cacheAsBitmap": false,
  "cursor": "auto",
  "filterArea": null,
  "filters": null,
  "hitArea": null,
  "interactive": false,
  "mask": null,
  "pivot": 0,
  "position": 0,
  "renderable": true,
  "rotation": 0,
  "scale": 1,
  "skew": 0,
  "transform": null,
  "visible": true,
  "x": 0,
  "y": 0,
}
`;

exports[`defaults reserved props 1`] = `
Object {
  "children": true,
  "parent": true,
  "worldAlpha": true,
  "worldTransform": true,
  "worldVisible": true,
}
`;
